// Jest Snapshot v1, https://goo.gl/fbAQLP

exports[`should render component correctly 1`] = `
<div>
  <Link
    to="/edit/1"
  >
    <h3>
      gum
    </h3>
     
  </Link>
  <p>
    12
    -
    0
  </p>
</div>
`;
